I'm sorry, but errors were detected in your script. Please correct the
errors listed below, and try again.


File "renpy/common/00keymap.rpy", line 370: invalid syntax
            screenshot = _screenshot,
                      ^
    

Ren'Py Version: Ren'Py 7.3.2.320
Sun Nov 08 23:08:13 2020
